Archive member included because of file (symbol)

/Applications/Arduino.app/Contents/Resources/Java/hardware/tools/avr/bin/../lib/gcc/avr/4.3.2/avr35/libgcc.a(_udivmodsi4.o)
                              Arduino-usbserial.o (__udivmodsi4)
/Applications/Arduino.app/Contents/Resources/Java/hardware/tools/avr/bin/../lib/gcc/avr/4.3.2/avr35/libgcc.a(_exit.o)
                              /Applications/Arduino.app/Contents/Resources/Java/hardware/tools/avr/bin/../lib/gcc/avr/4.3.2/../../../../avr/lib/avr35/crtusb162.o (exit)
/Applications/Arduino.app/Contents/Resources/Java/hardware/tools/avr/bin/../lib/gcc/avr/4.3.2/avr35/libgcc.a(_copy_data.o)
                              Arduino-usbserial.o (__do_copy_data)
/Applications/Arduino.app/Contents/Resources/Java/hardware/tools/avr/bin/../lib/gcc/avr/4.3.2/avr35/libgcc.a(_clear_bss.o)
                              Arduino-usbserial.o (__do_clear_bss)
/Applications/Arduino.app/Contents/Resources/Java/hardware/tools/avr/bin/../lib/gcc/avr/4.3.2/../../../../avr/lib/avr35/libc.a(memcpy_P.o)
                              ..//LUFA/Drivers/USB/Class/Device/RNDIS.o (memcpy_P)
/Applications/Arduino.app/Contents/Resources/Java/hardware/tools/avr/bin/../lib/gcc/avr/4.3.2/../../../../avr/lib/avr35/libc.a(memcmp.o)
                              ..//LUFA/Drivers/USB/Class/Device/HID.o (memcmp)
/Applications/Arduino.app/Contents/Resources/Java/hardware/tools/avr/bin/../lib/gcc/avr/4.3.2/../../../../avr/lib/avr35/libc.a(memcpy.o)
                              ..//LUFA/Drivers/USB/Class/Device/HID.o (memcpy)
/Applications/Arduino.app/Contents/Resources/Java/hardware/tools/avr/bin/../lib/gcc/avr/4.3.2/../../../../avr/lib/avr35/libc.a(memset.o)
                              ..//LUFA/Drivers/USB/Class/Device/HID.o (memset)

Allocating common symbols
Common symbol       size              file

USB_IsInitialized   0x1               ..//LUFA/Drivers/USB/HighLevel/USBTask.o
USB_CurrentlySelfPowered
                    0x1               ..//LUFA/Drivers/USB/HighLevel/DeviceStandardReq.o
USB_RemoteWakeupEnabled
                    0x1               ..//LUFA/Drivers/USB/HighLevel/DeviceStandardReq.o
PulseMSRemaining    0x3               Arduino-usbserial.o
USB_ControlRequest  0x8               ..//LUFA/Drivers/USB/HighLevel/USBTask.o
USB_ConfigurationNumber
                    0x1               ..//LUFA/Drivers/USB/HighLevel/DeviceStandardReq.o
USARTtoUSB_Buffer   0x85              Arduino-usbserial.o
USBtoUSART_Buffer   0x85              Arduino-usbserial.o

Discarded input sections

 .data          0x00000000        0x0 /Applications/Arduino.app/Contents/Resources/Java/hardware/tools/avr/bin/../lib/gcc/avr/4.3.2/../../../../avr/lib/avr35/crtusb162.o
 .bss           0x00000000        0x0 /Applications/Arduino.app/Contents/Resources/Java/hardware/tools/avr/bin/../lib/gcc/avr/4.3.2/../../../../avr/lib/avr35/crtusb162.o
 .text          0x00000000        0x0 Arduino-usbserial.o
 .bss           0x00000000        0x0 Arduino-usbserial.o
 .text          0x00000000        0x0 Descriptors.o
 .data          0x00000000        0x0 Descriptors.o
 .bss           0x00000000        0x0 Descriptors.o
 .text          0x00000000        0x0 ..//LUFA/Drivers/USB/LowLevel/Device.o
 .data          0x00000000        0x0 ..//LUFA/Drivers/USB/LowLevel/Device.o
 .bss           0x00000000        0x0 ..//LUFA/Drivers/USB/LowLevel/Device.o
 .text.USB_Device_SendRemoteWakeup
                0x00000000        0x0 ..//LUFA/Drivers/USB/LowLevel/Device.o
 .text          0x00000000        0x0 ..//LUFA/Drivers/USB/LowLevel/Endpoint.o
 .data          0x00000000        0x0 ..//LUFA/Drivers/USB/LowLevel/Endpoint.o
 .bss           0x00000000        0x0 ..//LUFA/Drivers/USB/LowLevel/Endpoint.o
 .text.Endpoint_Discard_Stream
                0x00000000        0x0 ..//LUFA/Drivers/USB/LowLevel/Endpoint.o
 .text.Endpoint_Write_Stream_LE
                0x00000000        0x0 ..//LUFA/Drivers/USB/LowLevel/Endpoint.o
 .text.Endpoint_Write_PStream_LE
                0x00000000        0x0 ..//LUFA/Drivers/USB/LowLevel/Endpoint.o
 .text.Endpoint_Write_EStream_LE
                0x00000000        0x0 ..//LUFA/Drivers/USB/LowLevel/Endpoint.o
 .text.Endpoint_Write_Stream_BE
                0x00000000        0x0 ..//LUFA/Drivers/USB/LowLevel/Endpoint.o
 .text.Endpoint_Write_EStream_BE
                0x00000000        0x0 ..//LUFA/Drivers/USB/LowLevel/Endpoint.o
 .text.Endpoint_Write_PStream_BE
                0x00000000        0x0 ..//LUFA/Drivers/USB/LowLevel/Endpoint.o
 .text.Endpoint_Read_Stream_LE
                0x00000000        0x0 ..//LUFA/Drivers/USB/LowLevel/Endpoint.o
 .text.Endpoint_Read_Stream_BE
                0x00000000        0x0 ..//LUFA/Drivers/USB/LowLevel/Endpoint.o
 .text.Endpoint_Write_Control_EStream_LE
                0x00000000        0x0 ..//LUFA/Drivers/USB/LowLevel/Endpoint.o
 .text.Endpoint_Write_Control_Stream_BE
                0x00000000        0x0 ..//LUFA/Drivers/USB/LowLevel/Endpoint.o
 .text.Endpoint_Write_Control_PStream_BE
                0x00000000        0x0 ..//LUFA/Drivers/USB/LowLevel/Endpoint.o
 .text.Endpoint_Write_Control_EStream_BE
                0x00000000        0x0 ..//LUFA/Drivers/USB/LowLevel/Endpoint.o
 .text.Endpoint_Read_Control_Stream_BE
                0x00000000        0x0 ..//LUFA/Drivers/USB/LowLevel/Endpoint.o
 .text.Endpoint_Read_Control_EStream_BE
                0x00000000        0x0 ..//LUFA/Drivers/USB/LowLevel/Endpoint.o
 .text.Endpoint_Read_Control_EStream_LE
                0x00000000        0x0 ..//LUFA/Drivers/USB/LowLevel/Endpoint.o
 .text.Endpoint_Read_EStream_BE
                0x00000000        0x0 ..//LUFA/Drivers/USB/LowLevel/Endpoint.o
 .text.Endpoint_Read_EStream_LE
                0x00000000        0x0 ..//LUFA/Drivers/USB/LowLevel/Endpoint.o
 .text          0x00000000        0x0 ..//LUFA/Drivers/USB/LowLevel/Host.o
 .data          0x00000000        0x0 ..//LUFA/Drivers/USB/LowLevel/Host.o
 .bss           0x00000000        0x0 ..//LUFA/Drivers/USB/LowLevel/Host.o
 .text          0x00000000        0x0 ..//LUFA/Drivers/USB/LowLevel/Pipe.o
 .data          0x00000000        0x0 ..//LUFA/Drivers/USB/LowLevel/Pipe.o
 .bss           0x00000000        0x0 ..//LUFA/Drivers/USB/LowLevel/Pipe.o
 .text          0x00000000        0x0 ..//LUFA/Drivers/USB/LowLevel/USBController.o
 .data          0x00000000        0x0 ..//LUFA/Drivers/USB/LowLevel/USBController.o
 .bss           0x00000000        0x0 ..//LUFA/Drivers/USB/LowLevel/USBController.o
 .text.USB_ShutDown
                0x00000000        0x0 ..//LUFA/Drivers/USB/LowLevel/USBController.o
 .text          0x00000000        0x0 ..//LUFA/Drivers/USB/LowLevel/USBInterrupt.o
 .data          0x00000000        0x0 ..//LUFA/Drivers/USB/LowLevel/USBInterrupt.o
 .bss           0x00000000        0x0 ..//LUFA/Drivers/USB/LowLevel/USBInterrupt.o
 .text          0x00000000        0x0 ..//LUFA/Drivers/USB/HighLevel/ConfigDescriptor.o
 .data          0x00000000        0x0 ..//LUFA/Drivers/USB/HighLevel/ConfigDescriptor.o
 .bss           0x00000000        0x0 ..//LUFA/Drivers/USB/HighLevel/ConfigDescriptor.o
 .text.USB_GetNextDescriptorOfType
                0x00000000        0x0 ..//LUFA/Drivers/USB/HighLevel/ConfigDescriptor.o
 .text.USB_GetNextDescriptorOfTypeBefore
                0x00000000        0x0 ..//LUFA/Drivers/USB/HighLevel/ConfigDescriptor.o
 .text.USB_GetNextDescriptorOfTypeAfter
                0x00000000        0x0 ..//LUFA/Drivers/USB/HighLevel/ConfigDescriptor.o
 .text.USB_GetNextDescriptorComp
                0x00000000        0x0 ..//LUFA/Drivers/USB/HighLevel/ConfigDescriptor.o
 .text          0x00000000        0x0 ..//LUFA/Drivers/USB/HighLevel/DeviceStandardReq.o
 .data          0x00000000        0x0 ..//LUFA/Drivers/USB/HighLevel/DeviceStandardReq.o
 .bss           0x00000000        0x0 ..//LUFA/Drivers/USB/HighLevel/DeviceStandardReq.o
 .text          0x00000000        0x0 ..//LUFA/Drivers/USB/HighLevel/Events.o
 .data          0x00000000        0x0 ..//LUFA/Drivers/USB/HighLevel/Events.o
 .bss           0x00000000        0x0 ..//LUFA/Drivers/USB/HighLevel/Events.o
 .text          0x00000000        0x0 ..//LUFA/Drivers/USB/HighLevel/HostStandardReq.o
 .data          0x00000000        0x0 ..//LUFA/Drivers/USB/HighLevel/HostStandardReq.o
 .bss           0x00000000        0x0 ..//LUFA/Drivers/USB/HighLevel/HostStandardReq.o
 .text          0x00000000        0x0 ..//LUFA/Drivers/USB/HighLevel/USBTask.o
 .data          0x00000000        0x0 ..//LUFA/Drivers/USB/HighLevel/USBTask.o
 .bss           0x00000000        0x0 ..//LUFA/Drivers/USB/HighLevel/USBTask.o
 .text          0x00000000        0x0 ..//LUFA/Drivers/USB/Class/Host/HIDParser.o
 .data          0x00000000        0x0 ..//LUFA/Drivers/USB/Class/Host/HIDParser.o
 .bss           0x00000000        0x0 ..//LUFA/Drivers/USB/Class/Host/HIDParser.o
 .text          0x00000000        0x0 ..//LUFA/Drivers/USB/Class/Device/Audio.o
 .data          0x00000000        0x0 ..//LUFA/Drivers/USB/Class/Device/Audio.o
 .bss           0x00000000        0x0 ..//LUFA/Drivers/USB/Class/Device/Audio.o
 .text.Audio_Device_ConfigureEndpoints
                0x00000000        0x0 ..//LUFA/Drivers/USB/Class/Device/Audio.o
 .text.Audio_Device_ProcessControlRequest
                0x00000000        0x0 ..//LUFA/Drivers/USB/Class/Device/Audio.o
 .text          0x00000000        0x0 ..//LUFA/Drivers/USB/Class/Device/CDC.o
 .data          0x00000000        0x0 ..//LUFA/Drivers/USB/Class/Device/CDC.o
 .bss           0x00000000        0x0 ..//LUFA/Drivers/USB/Class/Device/CDC.o
 .text.CDC_Device_BytesReceived
                0x00000000        0x0 ..//LUFA/Drivers/USB/Class/Device/CDC.o
 .text.CDC_Device_CreateStream
                0x00000000        0x0 ..//LUFA/Drivers/USB/Class/Device/CDC.o
 .text.CDC_Device_CreateBlockingStream
                0x00000000        0x0 ..//LUFA/Drivers/USB/Class/Device/CDC.o
 .text.CDC_Device_getchar
                0x00000000        0x0 ..//LUFA/Drivers/USB/Class/Device/CDC.o
 .text.CDC_Device_SendControlLineStateChange
                0x00000000        0x0 ..//LUFA/Drivers/USB/Class/Device/CDC.o
 .text.CDC_Device_SendString
                0x00000000        0x0 ..//LUFA/Drivers/USB/Class/Device/CDC.o
 .text.CDC_Device_getchar_Blocking
                0x00000000        0x0 ..//LUFA/Drivers/USB/Class/Device/CDC.o
 .text.CDC_Device_putchar
                0x00000000        0x0 ..//LUFA/Drivers/USB/Class/Device/CDC.o
 .text          0x00000000        0x0 ..//LUFA/Drivers/USB/Class/Device/HID.o
 .data          0x00000000        0x0 ..//LUFA/Drivers/USB/Class/Device/HID.o
 .bss           0x00000000        0x0 ..//LUFA/Drivers/USB/Class/Device/HID.o
 .text.HID_Device_USBTask
                0x00000000        0x0 ..//LUFA/Drivers/USB/Class/Device/HID.o
 .text.HID_Device_ConfigureEndpoints
                0x00000000        0x0 ..//LUFA/Drivers/USB/Class/Device/HID.o
 .text.HID_Device_ProcessControlRequest
                0x00000000        0x0 ..//LUFA/Drivers/USB/Class/Device/HID.o
 .text          0x00000000        0x0 ..//LUFA/Drivers/USB/Class/Device/MassStorage.o
 .data          0x00000000        0x0 ..//LUFA/Drivers/USB/Class/Device/MassStorage.o
 .bss           0x00000000        0x0 ..//LUFA/Drivers/USB/Class/Device/MassStorage.o
 .text.StreamCallback_MS_Device_AbortOnMassStoreReset
                0x00000000        0x0 ..//LUFA/Drivers/USB/Class/Device/MassStorage.o
 .text.MS_Device_USBTask
                0x00000000        0x0 ..//LUFA/Drivers/USB/Class/Device/MassStorage.o
 .text.MS_Device_ConfigureEndpoints
                0x00000000        0x0 ..//LUFA/Drivers/USB/Class/Device/MassStorage.o
 .text.MS_Device_ProcessControlRequest
                0x00000000        0x0 ..//LUFA/Drivers/USB/Class/Device/MassStorage.o
 .text          0x00000000        0x0 ..//LUFA/Drivers/USB/Class/Device/MIDI.o
 .data          0x00000000        0x0 ..//LUFA/Drivers/USB/Class/Device/MIDI.o
 .bss           0x00000000        0x0 ..//LUFA/Drivers/USB/Class/Device/MIDI.o
 .text.MIDI_Device_ReceiveEventPacket
                0x00000000        0x0 ..//LUFA/Drivers/USB/Class/Device/MIDI.o
 .text.MIDI_Device_Flush
                0x00000000        0x0 ..//LUFA/Drivers/USB/Class/Device/MIDI.o
 .text.MIDI_Device_SendEventPacket
                0x00000000        0x0 ..//LUFA/Drivers/USB/Class/Device/MIDI.o
 .text.MIDI_Device_ConfigureEndpoints
                0x00000000        0x0 ..//LUFA/Drivers/USB/Class/Device/MIDI.o
 .text          0x00000000        0x0 ..//LUFA/Drivers/USB/Class/Device/RNDIS.o
 .data          0x00000000        0x0 ..//LUFA/Drivers/USB/Class/Device/RNDIS.o
 .bss           0x00000000        0x0 ..//LUFA/Drivers/USB/Class/Device/RNDIS.o
 .text.RNDIS_Device_USBTask
                0x00000000        0x0 ..//LUFA/Drivers/USB/Class/Device/RNDIS.o
 .text.Endpoint_ConfigureEndpointDynamic
                0x00000000        0x0 ..//LUFA/Drivers/USB/Class/Device/RNDIS.o
 .text.RNDIS_Device_ConfigureEndpoints
                0x00000000        0x0 ..//LUFA/Drivers/USB/Class/Device/RNDIS.o
 .text.RNDIS_Device_ProcessControlRequest
                0x00000000        0x0 ..//LUFA/Drivers/USB/Class/Device/RNDIS.o
 .progmem.data  0x00000000        0x0 ..//LUFA/Drivers/USB/Class/Device/RNDIS.o
 .text          0x00000000        0x0 ..//LUFA/Drivers/USB/Class/Host/CDC.o
 .data          0x00000000        0x0 ..//LUFA/Drivers/USB/Class/Host/CDC.o
 .bss           0x00000000        0x0 ..//LUFA/Drivers/USB/Class/Host/CDC.o
 .text          0x00000000        0x0 ..//LUFA/Drivers/USB/Class/Host/HID.o
 .data          0x00000000        0x0 ..//LUFA/Drivers/USB/Class/Host/HID.o
 .bss           0x00000000        0x0 ..//LUFA/Drivers/USB/Class/Host/HID.o
 .text          0x00000000        0x0 ..//LUFA/Drivers/USB/Class/Host/MassStorage.o
 .data          0x00000000        0x0 ..//LUFA/Drivers/USB/Class/Host/MassStorage.o
 .bss           0x00000000        0x0 ..//LUFA/Drivers/USB/Class/Host/MassStorage.o
 .text          0x00000000        0x0 ..//LUFA/Drivers/USB/Class/Host/MIDI.o
 .data          0x00000000        0x0 ..//LUFA/Drivers/USB/Class/Host/MIDI.o
 .bss           0x00000000        0x0 ..//LUFA/Drivers/USB/Class/Host/MIDI.o
 .text          0x00000000        0x0 ..//LUFA/Drivers/USB/Class/Host/Printer.o
 .data          0x00000000        0x0 ..//LUFA/Drivers/USB/Class/Host/Printer.o
 .bss           0x00000000        0x0 ..//LUFA/Drivers/USB/Class/Host/Printer.o
 .text          0x00000000        0x0 ..//LUFA/Drivers/USB/Class/Host/RNDIS.o
 .data          0x00000000        0x0 ..//LUFA/Drivers/USB/Class/Host/RNDIS.o
 .bss           0x00000000        0x0 ..//LUFA/Drivers/USB/Class/Host/RNDIS.o
 .text          0x00000000        0x0 ..//LUFA/Drivers/USB/Class/Host/StillImage.o
 .data          0x00000000        0x0 ..//LUFA/Drivers/USB/Class/Host/StillImage.o
 .bss           0x00000000        0x0 ..//LUFA/Drivers/USB/Class/Host/StillImage.o
 .text          0x00000000        0x0 /Applications/Arduino.app/Contents/Resources/Java/hardware/tools/avr/bin/../lib/gcc/avr/4.3.2/avr35/libgcc.a(_udivmodsi4.o)
 .data          0x00000000        0x0 /Applications/Arduino.app/Contents/Resources/Java/hardware/tools/avr/bin/../lib/gcc/avr/4.3.2/avr35/libgcc.a(_udivmodsi4.o)
 .bss           0x00000000        0x0 /Applications/Arduino.app/Contents/Resources/Java/hardware/tools/avr/bin/../lib/gcc/avr/4.3.2/avr35/libgcc.a(_udivmodsi4.o)
 .text          0x00000000        0x0 /Applications/Arduino.app/Contents/Resources/Java/hardware/tools/avr/bin/../lib/gcc/avr/4.3.2/avr35/libgcc.a(_exit.o)
 .data          0x00000000        0x0 /Applications/Arduino.app/Contents/Resources/Java/hardware/tools/avr/bin/../lib/gcc/avr/4.3.2/avr35/libgcc.a(_exit.o)
 .bss           0x00000000        0x0 /Applications/Arduino.app/Contents/Resources/Java/hardware/tools/avr/bin/../lib/gcc/avr/4.3.2/avr35/libgcc.a(_exit.o)
 .text.libgcc   0x00000000        0x0 /Applications/Arduino.app/Contents/Resources/Java/hardware/tools/avr/bin/../lib/gcc/avr/4.3.2/avr35/libgcc.a(_exit.o)
 .text          0x00000000        0x0 /Applications/Arduino.app/Contents/Resources/Java/hardware/tools/avr/bin/../lib/gcc/avr/4.3.2/avr35/libgcc.a(_copy_data.o)
 .data          0x00000000        0x0 /Applications/Arduino.app/Contents/Resources/Java/hardware/tools/avr/bin/../lib/gcc/avr/4.3.2/avr35/libgcc.a(_copy_data.o)
 .bss           0x00000000        0x0 /Applications/Arduino.app/Contents/Resources/Java/hardware/tools/avr/bin/../lib/gcc/avr/4.3.2/avr35/libgcc.a(_copy_data.o)
 .text.libgcc   0x00000000        0x0 /Applications/Arduino.app/Contents/Resources/Java/hardware/tools/avr/bin/../lib/gcc/avr/4.3.2/avr35/libgcc.a(_copy_data.o)
 .text          0x00000000        0x0 /Applications/Arduino.app/Contents/Resources/Java/hardware/tools/avr/bin/../lib/gcc/avr/4.3.2/avr35/libgcc.a(_clear_bss.o)
 .data          0x00000000        0x0 /Applications/Arduino.app/Contents/Resources/Java/hardware/tools/avr/bin/../lib/gcc/avr/4.3.2/avr35/libgcc.a(_clear_bss.o)
 .bss           0x00000000        0x0 /Applications/Arduino.app/Contents/Resources/Java/hardware/tools/avr/bin/../lib/gcc/avr/4.3.2/avr35/libgcc.a(_clear_bss.o)
 .text.libgcc   0x00000000        0x0 /Applications/Arduino.app/Contents/Resources/Java/hardware/tools/avr/bin/../lib/gcc/avr/4.3.2/avr35/libgcc.a(_clear_bss.o)
 .text          0x00000000        0x0 /Applications/Arduino.app/Contents/Resources/Java/hardware/tools/avr/bin/../lib/gcc/avr/4.3.2/../../../../avr/lib/avr35/libc.a(memcpy_P.o)
 .data          0x00000000        0x0 /Applications/Arduino.app/Contents/Resources/Java/hardware/tools/avr/bin/../lib/gcc/avr/4.3.2/../../../../avr/lib/avr35/libc.a(memcpy_P.o)
 .bss           0x00000000        0x0 /Applications/Arduino.app/Contents/Resources/Java/hardware/tools/avr/bin/../lib/gcc/avr/4.3.2/../../../../avr/lib/avr35/libc.a(memcpy_P.o)
 .text          0x00000000        0x0 /Applications/Arduino.app/Contents/Resources/Java/hardware/tools/avr/bin/../lib/gcc/avr/4.3.2/../../../../avr/lib/avr35/libc.a(memcmp.o)
 .data          0x00000000        0x0 /Applications/Arduino.app/Contents/Resources/Java/hardware/tools/avr/bin/../lib/gcc/avr/4.3.2/../../../../avr/lib/avr35/libc.a(memcmp.o)
 .bss           0x00000000        0x0 /Applications/Arduino.app/Contents/Resources/Java/hardware/tools/avr/bin/../lib/gcc/avr/4.3.2/../../../../avr/lib/avr35/libc.a(memcmp.o)
 .text          0x00000000        0x0 /Applications/Arduino.app/Contents/Resources/Java/hardware/tools/avr/bin/../lib/gcc/avr/4.3.2/../../../../avr/lib/avr35/libc.a(memcpy.o)
 .data          0x00000000        0x0 /Applications/Arduino.app/Contents/Resources/Java/hardware/tools/avr/bin/../lib/gcc/avr/4.3.2/../../../../avr/lib/avr35/libc.a(memcpy.o)
 .bss           0x00000000        0x0 /Applications/Arduino.app/Contents/Resources/Java/hardware/tools/avr/bin/../lib/gcc/avr/4.3.2/../../../../avr/lib/avr35/libc.a(memcpy.o)
 .text          0x00000000        0x0 /Applications/Arduino.app/Contents/Resources/Java/hardware/tools/avr/bin/../lib/gcc/avr/4.3.2/../../../../avr/lib/avr35/libc.a(memset.o)
 .data          0x00000000        0x0 /Applications/Arduino.app/Contents/Resources/Java/hardware/tools/avr/bin/../lib/gcc/avr/4.3.2/../../../../avr/lib/avr35/libc.a(memset.o)
 .bss           0x00000000        0x0 /Applications/Arduino.app/Contents/Resources/Java/hardware/tools/avr/bin/../lib/gcc/avr/4.3.2/../../../../avr/lib/avr35/libc.a(memset.o)

Memory Configuration

Name             Origin             Length             Attributes
text             0x00000000         0x00020000         xr
data             0x00800060         0x0000ffa0         rw !x
eeprom           0x00810000         0x00010000         rw !x
fuse             0x00820000         0x00000400         rw !x
lock             0x00830000         0x00000400         rw !x
signature        0x00840000         0x00000400         rw !x
*default*        0x00000000         0xffffffff

Linker script and memory map

Address of section .data set to 0x800100
LOAD /Applications/Arduino.app/Contents/Resources/Java/hardware/tools/avr/bin/../lib/gcc/avr/4.3.2/../../../../avr/lib/avr35/crtusb162.o
LOAD Arduino-usbserial.o
LOAD Descriptors.o
LOAD ..//LUFA/Drivers/USB/LowLevel/Device.o
LOAD ..//LUFA/Drivers/USB/LowLevel/Endpoint.o
LOAD ..//LUFA/Drivers/USB/LowLevel/Host.o
LOAD ..//LUFA/Drivers/USB/LowLevel/Pipe.o
LOAD ..//LUFA/Drivers/USB/LowLevel/USBController.o
LOAD ..//LUFA/Drivers/USB/LowLevel/USBInterrupt.o
LOAD ..//LUFA/Drivers/USB/HighLevel/ConfigDescriptor.o
LOAD ..//LUFA/Drivers/USB/HighLevel/DeviceStandardReq.o
LOAD ..//LUFA/Drivers/USB/HighLevel/Events.o
LOAD ..//LUFA/Drivers/USB/HighLevel/HostStandardReq.o
LOAD ..//LUFA/Drivers/USB/HighLevel/USBTask.o
LOAD ..//LUFA/Drivers/USB/Class/Host/HIDParser.o
LOAD ..//LUFA/Drivers/USB/Class/Device/Audio.o
LOAD ..//LUFA/Drivers/USB/Class/Device/CDC.o
LOAD ..//LUFA/Drivers/USB/Class/Device/HID.o
LOAD ..//LUFA/Drivers/USB/Class/Device/MassStorage.o
LOAD ..//LUFA/Drivers/USB/Class/Device/MIDI.o
LOAD ..//LUFA/Drivers/USB/Class/Device/RNDIS.o
LOAD ..//LUFA/Drivers/USB/Class/Host/CDC.o
LOAD ..//LUFA/Drivers/USB/Class/Host/HID.o
LOAD ..//LUFA/Drivers/USB/Class/Host/MassStorage.o
LOAD ..//LUFA/Drivers/USB/Class/Host/MIDI.o
LOAD ..//LUFA/Drivers/USB/Class/Host/Printer.o
LOAD ..//LUFA/Drivers/USB/Class/Host/RNDIS.o
LOAD ..//LUFA/Drivers/USB/Class/Host/StillImage.o
LOAD /Applications/Arduino.app/Contents/Resources/Java/hardware/tools/avr/bin/../lib/gcc/avr/4.3.2/../../../../avr/lib/avr35/libm.a
LOAD /Applications/Arduino.app/Contents/Resources/Java/hardware/tools/avr/bin/../lib/gcc/avr/4.3.2/avr35/libgcc.a
LOAD /Applications/Arduino.app/Contents/Resources/Java/hardware/tools/avr/bin/../lib/gcc/avr/4.3.2/../../../../avr/lib/avr35/libc.a
LOAD /Applications/Arduino.app/Contents/Resources/Java/hardware/tools/avr/bin/../lib/gcc/avr/4.3.2/avr35/libgcc.a

.hash
 *(.hash)

.dynsym
 *(.dynsym)

.dynstr
 *(.dynstr)

.gnu.version
 *(.gnu.version)

.gnu.version_d
 *(.gnu.version_d)

.gnu.version_r
 *(.gnu.version_r)

.rel.init
 *(.rel.init)

.rela.init
 *(.rela.init)

.rel.text
 *(.rel.text)
 *(.rel.text.*)
 *(.rel.gnu.linkonce.t*)

.rela.text
 *(.rela.text)
 *(.rela.text.*)
 *(.rela.gnu.linkonce.t*)

.rel.fini
 *(.rel.fini)

.rela.fini
 *(.rela.fini)

.rel.rodata
 *(.rel.rodata)
 *(.rel.rodata.*)
 *(.rel.gnu.linkonce.r*)

.rela.rodata
 *(.rela.rodata)
 *(.rela.rodata.*)
 *(.rela.gnu.linkonce.r*)

.rel.data
 *(.rel.data)
 *(.rel.data.*)
 *(.rel.gnu.linkonce.d*)

.rela.data
 *(.rela.data)
 *(.rela.data.*)
 *(.rela.gnu.linkonce.d*)

.rel.ctors
 *(.rel.ctors)

.rela.ctors
 *(.rela.ctors)

.rel.dtors
 *(.rel.dtors)

.rela.dtors
 *(.rela.dtors)

.rel.got
 *(.rel.got)

.rela.got
 *(.rela.got)

.rel.bss
 *(.rel.bss)

.rela.bss
 *(.rela.bss)

.rel.plt
 *(.rel.plt)

.rela.plt
 *(.rela.plt)

.text           0x00000000      0xf36
 *(.vectors)
 .vectors       0x00000000       0x74 /Applications/Arduino.app/Contents/Resources/Java/hardware/tools/avr/bin/../lib/gcc/avr/4.3.2/../../../../avr/lib/avr35/crtusb162.o
                0x00000000                __vectors
                0x00000000                __vector_default
 *(.vectors)
 *(.progmem.gcc*)
 *(.progmem*)
 .progmem.data  0x00000074       0x7e Descriptors.o
                0x000000c8                ManufacturerString
                0x000000c4                LanguageString
                0x00000074                DeviceDescriptor
                0x000000cc                ProductString
                0x00000086                ConfigurationDescriptor
                0x000000f2                . = ALIGN (0x2)
                0x000000f2                __trampolines_start = .
 *(.trampolines)
 .trampolines   0x000000f2        0x0 linker stubs
 *(.trampolines*)
                0x000000f2                __trampolines_end = .
 *(.jumptables)
 *(.jumptables*)
 *(.lowtext)
 *(.lowtext*)
                0x000000f2                __ctors_start = .
 *(.ctors)
                0x000000f2                __ctors_end = .
                0x000000f2                __dtors_start = .
 *(.dtors)
                0x000000f2                __dtors_end = .
 SORT(*)(.ctors)
 SORT(*)(.dtors)
 *(.init0)
 .init0         0x000000f2        0x0 /Applications/Arduino.app/Contents/Resources/Java/hardware/tools/avr/bin/../lib/gcc/avr/4.3.2/../../../../avr/lib/avr35/crtusb162.o
                0x000000f2                __init
 *(.init0)
 *(.init1)
 *(.init1)
 *(.init2)
 .init2         0x000000f2        0xc /Applications/Arduino.app/Contents/Resources/Java/hardware/tools/avr/bin/../lib/gcc/avr/4.3.2/../../../../avr/lib/avr35/crtusb162.o
 *(.init2)
 *(.init3)
 *(.init3)
 *(.init4)
 .init4         0x000000fe       0x16 /Applications/Arduino.app/Contents/Resources/Java/hardware/tools/avr/bin/../lib/gcc/avr/4.3.2/avr35/libgcc.a(_copy_data.o)
                0x000000fe                __do_copy_data
 .init4         0x00000114       0x10 /Applications/Arduino.app/Contents/Resources/Java/hardware/tools/avr/bin/../lib/gcc/avr/4.3.2/avr35/libgcc.a(_clear_bss.o)
                0x00000114                __do_clear_bss
 *(.init4)
 *(.init5)
 *(.init5)
 *(.init6)
 *(.init6)
 *(.init7)
 *(.init7)
 *(.init8)
 *(.init8)
 *(.init9)
 .init9         0x00000124        0x4 /Applications/Arduino.app/Contents/Resources/Java/hardware/tools/avr/bin/../lib/gcc/avr/4.3.2/../../../../avr/lib/avr35/crtusb162.o
 *(.init9)
 *(.text)
 .text          0x00000128        0x2 /Applications/Arduino.app/Contents/Resources/Java/hardware/tools/avr/bin/../lib/gcc/avr/4.3.2/../../../../avr/lib/avr35/crtusb162.o
                0x00000128                __vector_22
                0x00000128                __vector_28
                0x00000128                __vector_1
                0x00000128                __vector_24
                0x00000128                __bad_interrupt
                0x00000128                __vector_6
                0x00000128                __vector_3
                0x00000128                __vector_25
                0x00000128                __vector_13
                0x00000128                __vector_17
                0x00000128                __vector_19
                0x00000128                __vector_7
                0x00000128                __vector_27
                0x00000128                __vector_5
                0x00000128                __vector_4
                0x00000128                __vector_9
                0x00000128                __vector_2
                0x00000128                __vector_21
                0x00000128                __vector_15
                0x00000128                __vector_8
                0x00000128                __vector_26
                0x00000128                __vector_14
                0x00000128                __vector_10
                0x00000128                __vector_16
                0x00000128                __vector_18
                0x00000128                __vector_20
                0x0000012a                . = ALIGN (0x2)
 *(.text.*)
 .text.EVENT_CDC_Device_LineEncodingChanged
                0x0000012a       0xce Arduino-usbserial.o
                0x0000012a                EVENT_CDC_Device_LineEncodingChanged
 .text.__vector_23
                0x000001f8       0x6e Arduino-usbserial.o
                0x000001f8                __vector_23
 .text.EVENT_CDC_Device_ControLineStateChanged
                0x00000266       0x10 Arduino-usbserial.o
                0x00000266                EVENT_CDC_Device_ControLineStateChanged
 .text.EVENT_USB_Device_UnhandledControlRequest
                0x00000276        0x6 Arduino-usbserial.o
                0x00000276                EVENT_USB_Device_UnhandledControlRequest
 .text.EVENT_USB_Device_ConfigurationChanged
                0x0000027c        0x6 Arduino-usbserial.o
                0x0000027c                EVENT_USB_Device_ConfigurationChanged
 .text.SetupHardware
                0x00000282       0x4c Arduino-usbserial.o
                0x00000282                SetupHardware
 .text.main     0x000002ce      0x196 Arduino-usbserial.o
                0x000002ce                main
 .text.CALLBACK_USB_GetDescriptor
                0x00000464       0x5c Descriptors.o
                0x00000464                CALLBACK_USB_GetDescriptor
 .text.Endpoint_BytesToEPSizeMaskDynamic
                0x000004c0       0x1c ..//LUFA/Drivers/USB/LowLevel/Endpoint.o
                0x000004c0                Endpoint_BytesToEPSizeMaskDynamic
 .text.Endpoint_ConfigureEndpoint_Prv
                0x000004dc       0x26 ..//LUFA/Drivers/USB/LowLevel/Endpoint.o
                0x000004dc                Endpoint_ConfigureEndpoint_Prv
 .text.Endpoint_ClearEndpoints
                0x00000502       0x28 ..//LUFA/Drivers/USB/LowLevel/Endpoint.o
                0x00000502                Endpoint_ClearEndpoints
 .text.Endpoint_ClearStatusStage
                0x0000052a       0x3e ..//LUFA/Drivers/USB/LowLevel/Endpoint.o
                0x0000052a                Endpoint_ClearStatusStage
 .text.Endpoint_WaitUntilReady
                0x00000568       0x5e ..//LUFA/Drivers/USB/LowLevel/Endpoint.o
                0x00000568                Endpoint_WaitUntilReady
 .text.Endpoint_Write_Control_Stream_LE
                0x000005c6       0xb2 ..//LUFA/Drivers/USB/LowLevel/Endpoint.o
                0x000005c6                Endpoint_Write_Control_Stream_LE
 .text.Endpoint_Write_Control_PStream_LE
                0x00000678       0xb6 ..//LUFA/Drivers/USB/LowLevel/Endpoint.o
                0x00000678                Endpoint_Write_Control_PStream_LE
 .text.Endpoint_Read_Control_Stream_LE
                0x0000072e       0x7e ..//LUFA/Drivers/USB/LowLevel/Endpoint.o
                0x0000072e                Endpoint_Read_Control_Stream_LE
 .text.USB_ResetInterface
                0x000007ac       0x7c ..//LUFA/Drivers/USB/LowLevel/USBController.o
                0x000007ac                USB_ResetInterface
 .text.USB_Init
                0x00000828        0xa ..//LUFA/Drivers/USB/LowLevel/USBController.o
                0x00000828                USB_Init
 .text.USB_INT_DisableAllInterrupts
                0x00000832        0x6 ..//LUFA/Drivers/USB/LowLevel/USBInterrupt.o
                0x00000832                USB_INT_DisableAllInterrupts
 .text.USB_INT_ClearAllInterrupts
                0x00000838        0x6 ..//LUFA/Drivers/USB/LowLevel/USBInterrupt.o
                0x00000838                USB_INT_ClearAllInterrupts
 .text.__vector_12
                0x0000083e       0x74 ..//LUFA/Drivers/USB/LowLevel/USBInterrupt.o
                0x0000083e                __vector_12
 .text.__vector_11
                0x000008b2      0x14e ..//LUFA/Drivers/USB/LowLevel/USBInterrupt.o
                0x000008b2                __vector_11
 .text.USB_Device_ProcessControlRequest
                0x00000a00      0x234 ..//LUFA/Drivers/USB/HighLevel/DeviceStandardReq.o
                0x00000a00                USB_Device_ProcessControlRequest
 .text.USB_Event_Stub
                0x00000c34        0x2 ..//LUFA/Drivers/USB/HighLevel/Events.o
                0x00000c34                EVENT_USB_Device_Connect
                0x00000c34                EVENT_USB_Device_WakeUp
                0x00000c34                USB_Event_Stub
                0x00000c34                EVENT_USB_Device_Suspend
                0x00000c34                EVENT_USB_Device_StartOfFrame
                0x00000c34                EVENT_USB_Device_Disconnect
                0x00000c34                EVENT_USB_Device_Reset
 .text.USB_USBTask
                0x00000c36       0x24 ..//LUFA/Drivers/USB/HighLevel/USBTask.o
                0x00000c36                USB_USBTask
 .text.CDC_Device_Event_Stub
                0x00000c5a        0x2 ..//LUFA/Drivers/USB/Class/Device/CDC.o
                0x00000c5a                EVENT_CDC_Device_BreakSent
                0x00000c5a                CDC_Device_Event_Stub
 .text.CDC_Device_ReceiveByte
                0x00000c5c       0x58 ..//LUFA/Drivers/USB/Class/Device/CDC.o
                0x00000c5c                CDC_Device_ReceiveByte
 .text.CDC_Device_Flush
                0x00000cb4       0x56 ..//LUFA/Drivers/USB/Class/Device/CDC.o
                0x00000cb4                CDC_Device_Flush
 .text.CDC_Device_USBTask
                0x00000d0a       0x1e ..//LUFA/Drivers/USB/Class/Device/CDC.o
                0x00000d0a                CDC_Device_USBTask
 .text.CDC_Device_SendByte
                0x00000d28       0x48 ..//LUFA/Drivers/USB/Class/Device/CDC.o
                0x00000d28                CDC_Device_SendByte
 .text.Endpoint_ConfigureEndpointDynamic
                0x00000d70       0x32 ..//LUFA/Drivers/USB/Class/Device/CDC.o
 .text.CDC_Device_ConfigureEndpoints
                0x00000da2       0x78 ..//LUFA/Drivers/USB/Class/Device/CDC.o
                0x00000da2                CDC_Device_ConfigureEndpoints
 .text.CDC_Device_ProcessControlRequest
                0x00000e1a       0xd4 ..//LUFA/Drivers/USB/Class/Device/CDC.o
                0x00000e1a                CDC_Device_ProcessControlRequest
 .text.libgcc   0x00000eee       0x44 /Applications/Arduino.app/Contents/Resources/Java/hardware/tools/avr/bin/../lib/gcc/avr/4.3.2/avr35/libgcc.a(_udivmodsi4.o)
                0x00000eee                __udivmodsi4
                0x00000f32                . = ALIGN (0x2)
 *(.fini9)
 .fini9         0x00000f32        0x0 /Applications/Arduino.app/Contents/Resources/Java/hardware/tools/avr/bin/../lib/gcc/avr/4.3.2/avr35/libgcc.a(_exit.o)
                0x00000f32                exit
                0x00000f32                _exit
 *(.fini9)
 *(.fini8)
 *(.fini8)
 *(.fini7)
 *(.fini7)
 *(.fini6)
 *(.fini6)
 *(.fini5)
 *(.fini5)
 *(.fini4)
 *(.fini4)
 *(.fini3)
 *(.fini3)
 *(.fini2)
 *(.fini2)
 *(.fini1)
 *(.fini1)
 *(.fini0)
 .fini0         0x00000f32        0x4 /Applications/Arduino.app/Contents/Resources/Java/hardware/tools/avr/bin/../lib/gcc/avr/4.3.2/avr35/libgcc.a(_exit.o)
 *(.fini0)
                0x00000f36                _etext = .

.data           0x00800100       0x16 load address 0x00000f36
                0x00800100                PROVIDE (__data_start, .)
 *(.data)
 .data          0x00800100       0x16 Arduino-usbserial.o
                0x00800100                VirtualSerial_CDC_Interface
 *(.data*)
 *(.rodata)
 *(.rodata*)
 *(.gnu.linkonce.d*)
                0x00800116                . = ALIGN (0x2)
                0x00800116                _edata = .
                0x00800116                PROVIDE (__data_end, .)

.bss            0x00800116      0x119
                0x00800116                PROVIDE (__bss_start, .)
 *(.bss)
 *(.bss*)
 *(COMMON)
 COMMON         0x00800116      0x10d Arduino-usbserial.o
                0x00800116                PulseMSRemaining
                0x00800119                USARTtoUSB_Buffer
                0x0080019e                USBtoUSART_Buffer
 COMMON         0x00800223        0x3 ..//LUFA/Drivers/USB/HighLevel/DeviceStandardReq.o
                0x00800223                USB_CurrentlySelfPowered
                0x00800224                USB_RemoteWakeupEnabled
                0x00800225                USB_ConfigurationNumber
 COMMON         0x00800226        0x9 ..//LUFA/Drivers/USB/HighLevel/USBTask.o
                0x00800226                USB_IsInitialized
                0x00800227                USB_ControlRequest
                0x0080022f                PROVIDE (__bss_end, .)
                0x00000f36                __data_load_start = LOADADDR (.data)
                0x00000f4c                __data_load_end = (__data_load_start + SIZEOF (.data))

.noinit         0x0080022f        0x0
                0x0080022f                PROVIDE (__noinit_start, .)
 *(.noinit*)
                0x0080022f                PROVIDE (__noinit_end, .)
                0x0080022f                _end = .
                0x0080022f                PROVIDE (__heap_start, .)

.eeprom         0x00810000        0x0
 *(.eeprom*)
                0x00810000                __eeprom_end = .

.fuse
 *(.fuse)
 *(.lfuse)
 *(.hfuse)
 *(.efuse)

.lock
 *(.lock*)

.signature
 *(.signature*)

.stab
 *(.stab)

.stabstr
 *(.stabstr)

.stab.excl
 *(.stab.excl)

.stab.exclstr
 *(.stab.exclstr)

.stab.index
 *(.stab.index)

.stab.indexstr
 *(.stab.indexstr)

.comment
 *(.comment)

.debug
 *(.debug)

.line
 *(.line)

.debug_srcinfo
 *(.debug_srcinfo)

.debug_sfnames
 *(.debug_sfnames)

.debug_aranges  0x00000000      0x410
 *(.debug_aranges)
 .debug_aranges
                0x00000000       0x50 Arduino-usbserial.o
 .debug_aranges
                0x00000050       0x20 Descriptors.o
 .debug_aranges
                0x00000070       0x20 ..//LUFA/Drivers/USB/LowLevel/Device.o
 .debug_aranges
                0x00000090       0xe8 ..//LUFA/Drivers/USB/LowLevel/Endpoint.o
 .debug_aranges
                0x00000178       0x30 ..//LUFA/Drivers/USB/LowLevel/USBController.o
 .debug_aranges
                0x000001a8       0x38 ..//LUFA/Drivers/USB/LowLevel/USBInterrupt.o
 .debug_aranges
                0x000001e0       0x38 ..//LUFA/Drivers/USB/HighLevel/ConfigDescriptor.o
 .debug_aranges
                0x00000218       0x20 ..//LUFA/Drivers/USB/HighLevel/DeviceStandardReq.o
 .debug_aranges
                0x00000238       0x20 ..//LUFA/Drivers/USB/HighLevel/Events.o
 .debug_aranges
                0x00000258       0x20 ..//LUFA/Drivers/USB/HighLevel/USBTask.o
 .debug_aranges
                0x00000278       0x28 ..//LUFA/Drivers/USB/Class/Device/Audio.o
 .debug_aranges
                0x000002a0       0x98 ..//LUFA/Drivers/USB/Class/Device/CDC.o
 .debug_aranges
                0x00000338       0x30 ..//LUFA/Drivers/USB/Class/Device/HID.o
 .debug_aranges
                0x00000368       0x38 ..//LUFA/Drivers/USB/Class/Device/MassStorage.o
 .debug_aranges
                0x000003a0       0x38 ..//LUFA/Drivers/USB/Class/Device/MIDI.o
 .debug_aranges
                0x000003d8       0x38 ..//LUFA/Drivers/USB/Class/Device/RNDIS.o

.debug_pubnames
                0x00000000      0xb84
 *(.debug_pubnames)
 .debug_pubnames
                0x00000000      0x14a Arduino-usbserial.o
 .debug_pubnames
                0x0000014a       0x9e Descriptors.o
 .debug_pubnames
                0x000001e8       0x32 ..//LUFA/Drivers/USB/LowLevel/Device.o
 .debug_pubnames
                0x0000021a      0x365 ..//LUFA/Drivers/USB/LowLevel/Endpoint.o
 .debug_pubnames
                0x0000057f       0x47 ..//LUFA/Drivers/USB/LowLevel/USBController.o
 .debug_pubnames
                0x000005c6       0x72 ..//LUFA/Drivers/USB/LowLevel/USBInterrupt.o
 .debug_pubnames
                0x00000638       0x9b ..//LUFA/Drivers/USB/HighLevel/ConfigDescriptor.o
 .debug_pubnames
                0x000006d3       0x8c ..//LUFA/Drivers/USB/HighLevel/DeviceStandardReq.o
 .debug_pubnames
                0x0000075f       0x25 ..//LUFA/Drivers/USB/HighLevel/Events.o
 .debug_pubnames
                0x00000784       0x4f ..//LUFA/Drivers/USB/HighLevel/USBTask.o
 .debug_pubnames
                0x000007d3       0x5d ..//LUFA/Drivers/USB/Class/Device/Audio.o
 .debug_pubnames
                0x00000830      0x173 ..//LUFA/Drivers/USB/Class/Device/CDC.o
 .debug_pubnames
                0x000009a3       0x70 ..//LUFA/Drivers/USB/Class/Device/HID.o
 .debug_pubnames
                0x00000a13       0x6d ..//LUFA/Drivers/USB/Class/Device/MassStorage.o
 .debug_pubnames
                0x00000a80       0x8e ..//LUFA/Drivers/USB/Class/Device/MIDI.o
 .debug_pubnames
                0x00000b0e       0x76 ..//LUFA/Drivers/USB/Class/Device/RNDIS.o

.debug_info     0x00000000     0x6a75
 *(.debug_info)
 .debug_info    0x00000000      0xab0 Arduino-usbserial.o
 .debug_info    0x00000ab0      0x656 Descriptors.o
 .debug_info    0x00001106       0xc4 ..//LUFA/Drivers/USB/LowLevel/Device.o
 .debug_info    0x000011ca     0x1599 ..//LUFA/Drivers/USB/LowLevel/Endpoint.o
 .debug_info    0x00002763        0x0 ..//LUFA/Drivers/USB/LowLevel/Host.o
 .debug_info    0x00002763        0x0 ..//LUFA/Drivers/USB/LowLevel/Pipe.o
 .debug_info    0x00002763      0x245 ..//LUFA/Drivers/USB/LowLevel/USBController.o
 .debug_info    0x000029a8      0x357 ..//LUFA/Drivers/USB/LowLevel/USBInterrupt.o
 .debug_info    0x00002cff      0x349 ..//LUFA/Drivers/USB/HighLevel/ConfigDescriptor.o
 .debug_info    0x00003048      0x6bf ..//LUFA/Drivers/USB/HighLevel/DeviceStandardReq.o
 .debug_info    0x00003707       0x76 ..//LUFA/Drivers/USB/HighLevel/Events.o
 .debug_info    0x0000377d        0x0 ..//LUFA/Drivers/USB/HighLevel/HostStandardReq.o
 .debug_info    0x0000377d      0x224 ..//LUFA/Drivers/USB/HighLevel/USBTask.o
 .debug_info    0x000039a1        0x0 ..//LUFA/Drivers/USB/Class/Host/HIDParser.o
 .debug_info    0x000039a1      0x3b3 ..//LUFA/Drivers/USB/Class/Device/Audio.o
 .debug_info    0x00003d54      0xac1 ..//LUFA/Drivers/USB/Class/Device/CDC.o
 .debug_info    0x00004815      0x64e ..//LUFA/Drivers/USB/Class/Device/HID.o
 .debug_info    0x00004e63      0x86a ..//LUFA/Drivers/USB/Class/Device/MassStorage.o
 .debug_info    0x000056cd      0x584 ..//LUFA/Drivers/USB/Class/Device/MIDI.o
 .debug_info    0x00005c51      0xe24 ..//LUFA/Drivers/USB/Class/Device/RNDIS.o
 .debug_info    0x00006a75        0x0 ..//LUFA/Drivers/USB/Class/Host/CDC.o
 .debug_info    0x00006a75        0x0 ..//LUFA/Drivers/USB/Class/Host/HID.o
 .debug_info    0x00006a75        0x0 ..//LUFA/Drivers/USB/Class/Host/MassStorage.o
 .debug_info    0x00006a75        0x0 ..//LUFA/Drivers/USB/Class/Host/MIDI.o
 .debug_info    0x00006a75        0x0 ..//LUFA/Drivers/USB/Class/Host/Printer.o
 .debug_info    0x00006a75        0x0 ..//LUFA/Drivers/USB/Class/Host/RNDIS.o
 .debug_info    0x00006a75        0x0 ..//LUFA/Drivers/USB/Class/Host/StillImage.o
 *(.gnu.linkonce.wi.*)

.debug_abbrev   0x00000000     0x19d2
 *(.debug_abbrev)
 .debug_abbrev  0x00000000      0x221 Arduino-usbserial.o
 .debug_abbrev  0x00000221      0x163 Descriptors.o
 .debug_abbrev  0x00000384       0x79 ..//LUFA/Drivers/USB/LowLevel/Device.o
 .debug_abbrev  0x000003fd      0x215 ..//LUFA/Drivers/USB/LowLevel/Endpoint.o
 .debug_abbrev  0x00000612        0x1 ..//LUFA/Drivers/USB/LowLevel/Host.o
 .debug_abbrev  0x00000613        0x1 ..//LUFA/Drivers/USB/LowLevel/Pipe.o
 .debug_abbrev  0x00000614      0x124 ..//LUFA/Drivers/USB/LowLevel/USBController.o
 .debug_abbrev  0x00000738      0x19d ..//LUFA/Drivers/USB/LowLevel/USBInterrupt.o
 .debug_abbrev  0x000008d5      0x15c ..//LUFA/Drivers/USB/HighLevel/ConfigDescriptor.o
 .debug_abbrev  0x00000a31      0x1de ..//LUFA/Drivers/USB/HighLevel/DeviceStandardReq.o
 .debug_abbrev  0x00000c0f       0x41 ..//LUFA/Drivers/USB/HighLevel/Events.o
 .debug_abbrev  0x00000c50        0x1 ..//LUFA/Drivers/USB/HighLevel/HostStandardReq.o
 .debug_abbrev  0x00000c51      0x15d ..//LUFA/Drivers/USB/HighLevel/USBTask.o
 .debug_abbrev  0x00000dae        0x1 ..//LUFA/Drivers/USB/Class/Host/HIDParser.o
 .debug_abbrev  0x00000daf      0x165 ..//LUFA/Drivers/USB/Class/Device/Audio.o
 .debug_abbrev  0x00000f14      0x28f ..//LUFA/Drivers/USB/Class/Device/CDC.o
 .debug_abbrev  0x000011a3      0x1cc ..//LUFA/Drivers/USB/Class/Device/HID.o
 .debug_abbrev  0x0000136f      0x20e ..//LUFA/Drivers/USB/Class/Device/MassStorage.o
 .debug_abbrev  0x0000157d      0x19d ..//LUFA/Drivers/USB/Class/Device/MIDI.o
 .debug_abbrev  0x0000171a      0x2b1 ..//LUFA/Drivers/USB/Class/Device/RNDIS.o
 .debug_abbrev  0x000019cb        0x1 ..//LUFA/Drivers/USB/Class/Host/CDC.o
 .debug_abbrev  0x000019cc        0x1 ..//LUFA/Drivers/USB/Class/Host/HID.o
 .debug_abbrev  0x000019cd        0x1 ..//LUFA/Drivers/USB/Class/Host/MassStorage.o
 .debug_abbrev  0x000019ce        0x1 ..//LUFA/Drivers/USB/Class/Host/MIDI.o
 .debug_abbrev  0x000019cf        0x1 ..//LUFA/Drivers/USB/Class/Host/Printer.o
 .debug_abbrev  0x000019d0        0x1 ..//LUFA/Drivers/USB/Class/Host/RNDIS.o
 .debug_abbrev  0x000019d1        0x1 ..//LUFA/Drivers/USB/Class/Host/StillImage.o

.debug_line     0x00000000     0x54fa
 *(.debug_line)
 .debug_line    0x00000000      0x772 Arduino-usbserial.o
 .debug_line    0x00000772      0x1f0 Descriptors.o
 .debug_line    0x00000962       0xdc ..//LUFA/Drivers/USB/LowLevel/Device.o
 .debug_line    0x00000a3e     0x1762 ..//LUFA/Drivers/USB/LowLevel/Endpoint.o
 .debug_line    0x000021a0       0x24 ..//LUFA/Drivers/USB/LowLevel/Host.o
 .debug_line    0x000021c4       0x24 ..//LUFA/Drivers/USB/LowLevel/Pipe.o
 .debug_line    0x000021e8      0x328 ..//LUFA/Drivers/USB/LowLevel/USBController.o
 .debug_line    0x00002510      0x47a ..//LUFA/Drivers/USB/LowLevel/USBInterrupt.o
 .debug_line    0x0000298a      0x2b2 ..//LUFA/Drivers/USB/HighLevel/ConfigDescriptor.o
 .debug_line    0x00002c3c      0x486 ..//LUFA/Drivers/USB/HighLevel/DeviceStandardReq.o
 .debug_line    0x000030c2       0x86 ..//LUFA/Drivers/USB/HighLevel/Events.o
 .debug_line    0x00003148       0x24 ..//LUFA/Drivers/USB/HighLevel/HostStandardReq.o
 .debug_line    0x0000316c      0x219 ..//LUFA/Drivers/USB/HighLevel/USBTask.o
 .debug_line    0x00003385       0x24 ..//LUFA/Drivers/USB/Class/Host/HIDParser.o
 .debug_line    0x000033a9      0x2fe ..//LUFA/Drivers/USB/Class/Device/Audio.o
 .debug_line    0x000036a7      0x77f ..//LUFA/Drivers/USB/Class/Device/CDC.o
 .debug_line    0x00003e26      0x56a ..//LUFA/Drivers/USB/Class/Device/HID.o
 .debug_line    0x00004390      0x603 ..//LUFA/Drivers/USB/Class/Device/MassStorage.o
 .debug_line    0x00004993      0x38e ..//LUFA/Drivers/USB/Class/Device/MIDI.o
 .debug_line    0x00004d21      0x6dd ..//LUFA/Drivers/USB/Class/Device/RNDIS.o
 .debug_line    0x000053fe       0x24 ..//LUFA/Drivers/USB/Class/Host/CDC.o
 .debug_line    0x00005422       0x24 ..//LUFA/Drivers/USB/Class/Host/HID.o
 .debug_line    0x00005446       0x24 ..//LUFA/Drivers/USB/Class/Host/MassStorage.o
 .debug_line    0x0000546a       0x24 ..//LUFA/Drivers/USB/Class/Host/MIDI.o
 .debug_line    0x0000548e       0x24 ..//LUFA/Drivers/USB/Class/Host/Printer.o
 .debug_line    0x000054b2       0x24 ..//LUFA/Drivers/USB/Class/Host/RNDIS.o
 .debug_line    0x000054d6       0x24 ..//LUFA/Drivers/USB/Class/Host/StillImage.o

.debug_frame    0x00000000      0x620
 *(.debug_frame)
 .debug_frame   0x00000000       0x80 Arduino-usbserial.o
 .debug_frame   0x00000080       0x20 Descriptors.o
 .debug_frame   0x000000a0       0x20 ..//LUFA/Drivers/USB/LowLevel/Device.o
 .debug_frame   0x000000c0      0x1b0 ..//LUFA/Drivers/USB/LowLevel/Endpoint.o
 .debug_frame   0x00000270       0x40 ..//LUFA/Drivers/USB/LowLevel/USBController.o
 .debug_frame   0x000002b0       0x50 ..//LUFA/Drivers/USB/LowLevel/USBInterrupt.o
 .debug_frame   0x00000300       0x50 ..//LUFA/Drivers/USB/HighLevel/ConfigDescriptor.o
 .debug_frame   0x00000350       0x20 ..//LUFA/Drivers/USB/HighLevel/DeviceStandardReq.o
 .debug_frame   0x00000370       0x20 ..//LUFA/Drivers/USB/HighLevel/Events.o
 .debug_frame   0x00000390       0x20 ..//LUFA/Drivers/USB/HighLevel/USBTask.o
 .debug_frame   0x000003b0       0x30 ..//LUFA/Drivers/USB/Class/Device/Audio.o
 .debug_frame   0x000003e0      0x110 ..//LUFA/Drivers/USB/Class/Device/CDC.o
 .debug_frame   0x000004f0       0x40 ..//LUFA/Drivers/USB/Class/Device/HID.o
 .debug_frame   0x00000530       0x50 ..//LUFA/Drivers/USB/Class/Device/MassStorage.o
 .debug_frame   0x00000580       0x50 ..//LUFA/Drivers/USB/Class/Device/MIDI.o
 .debug_frame   0x000005d0       0x50 ..//LUFA/Drivers/USB/Class/Device/RNDIS.o

.debug_str      0x00000000     0x28bd
 *(.debug_str)
 .debug_str     0x00000000      0x636 Arduino-usbserial.o
                                0x68f (size before relaxing)
 .debug_str     0x00000636      0x471 Descriptors.o
                                0x5b7 (size before relaxing)
 .debug_str     0x00000aa7       0x6f ..//LUFA/Drivers/USB/LowLevel/Device.o
                                0x12f (size before relaxing)
 .debug_str     0x00000b16      0x7f7 ..//LUFA/Drivers/USB/LowLevel/Endpoint.o
                                0x9c8 (size before relaxing)
 .debug_str     0x0000130d      0x11c ..//LUFA/Drivers/USB/LowLevel/USBController.o
                                0x2ac (size before relaxing)
 .debug_str     0x00001429       0xfd ..//LUFA/Drivers/USB/LowLevel/USBInterrupt.o
                                0x341 (size before relaxing)
 .debug_str     0x00001526      0x21f ..//LUFA/Drivers/USB/HighLevel/ConfigDescriptor.o
                                0x307 (size before relaxing)
 .debug_str     0x00001745      0x2d3 ..//LUFA/Drivers/USB/HighLevel/DeviceStandardReq.o
                                0x5b8 (size before relaxing)
 .debug_str     0x00001a18       0x37 ..//LUFA/Drivers/USB/HighLevel/Events.o
                                 0xf1 (size before relaxing)
 .debug_str     0x00001a4f       0x51 ..//LUFA/Drivers/USB/HighLevel/USBTask.o
                                0x281 (size before relaxing)
 .debug_str     0x00001aa0       0xe9 ..//LUFA/Drivers/USB/Class/Device/Audio.o
                                0x3e3 (size before relaxing)
 .debug_str     0x00001b89      0x1cf ..//LUFA/Drivers/USB/Class/Device/CDC.o
                                0x884 (size before relaxing)
 .debug_str     0x00001d58      0x20b ..//LUFA/Drivers/USB/Class/Device/HID.o
                                0x52e (size before relaxing)
 .debug_str     0x00001f63      0x220 ..//LUFA/Drivers/USB/Class/Device/MassStorage.o
                                0x6b6 (size before relaxing)
 .debug_str     0x00002183      0x102 ..//LUFA/Drivers/USB/Class/Device/MIDI.o
                                0x5db (size before relaxing)
 .debug_str     0x00002285      0x638 ..//LUFA/Drivers/USB/Class/Device/RNDIS.o
                                0xa97 (size before relaxing)

.debug_loc      0x00000000     0x274f
 *(.debug_loc)
 .debug_loc     0x00000000      0x12c Arduino-usbserial.o
 .debug_loc     0x0000012c      0x160 Descriptors.o
 .debug_loc     0x0000028c     0x1520 ..//LUFA/Drivers/USB/LowLevel/Endpoint.o
 .debug_loc     0x000017ac       0x13 ..//LUFA/Drivers/USB/LowLevel/USBController.o
 .debug_loc     0x000017bf       0x13 ..//LUFA/Drivers/USB/LowLevel/USBInterrupt.o
 .debug_loc     0x000017d2      0x26d ..//LUFA/Drivers/USB/HighLevel/ConfigDescriptor.o
 .debug_loc     0x00001a3f      0x1bb ..//LUFA/Drivers/USB/HighLevel/DeviceStandardReq.o
 .debug_loc     0x00001bfa       0x60 ..//LUFA/Drivers/USB/Class/Device/Audio.o
 .debug_loc     0x00001c5a      0x45c ..//LUFA/Drivers/USB/Class/Device/CDC.o
 .debug_loc     0x000020b6      0x159 ..//LUFA/Drivers/USB/Class/Device/HID.o
 .debug_loc     0x0000220f       0x98 ..//LUFA/Drivers/USB/Class/Device/MassStorage.o
 .debug_loc     0x000022a7      0x172 ..//LUFA/Drivers/USB/Class/Device/MIDI.o
 .debug_loc     0x00002419      0x336 ..//LUFA/Drivers/USB/Class/Device/RNDIS.o

.debug_macinfo
 *(.debug_macinfo)
OUTPUT(Arduino-usbserial.elf elf32-avr)
LOAD linker stubs

.debug_ranges   0x00000000      0x4b0
 .debug_ranges  0x00000000       0xa8 Arduino-usbserial.o
 .debug_ranges  0x000000a8       0x18 Descriptors.o
 .debug_ranges  0x000000c0       0x18 ..//LUFA/Drivers/USB/LowLevel/Device.o
 .debug_ranges  0x000000d8      0x140 ..//LUFA/Drivers/USB/LowLevel/Endpoint.o
 .debug_ranges  0x00000218       0x28 ..//LUFA/Drivers/USB/LowLevel/USBController.o
 .debug_ranges  0x00000240       0x30 ..//LUFA/Drivers/USB/LowLevel/USBInterrupt.o
 .debug_ranges  0x00000270       0x30 ..//LUFA/Drivers/USB/HighLevel/ConfigDescriptor.o
 .debug_ranges  0x000002a0       0x18 ..//LUFA/Drivers/USB/HighLevel/DeviceStandardReq.o
 .debug_ranges  0x000002b8       0x18 ..//LUFA/Drivers/USB/HighLevel/Events.o
 .debug_ranges  0x000002d0       0x30 ..//LUFA/Drivers/USB/HighLevel/USBTask.o
 .debug_ranges  0x00000300       0x20 ..//LUFA/Drivers/USB/Class/Device/Audio.o
 .debug_ranges  0x00000320       0x90 ..//LUFA/Drivers/USB/Class/Device/CDC.o
 .debug_ranges  0x000003b0       0x28 ..//LUFA/Drivers/USB/Class/Device/HID.o
 .debug_ranges  0x000003d8       0x30 ..//LUFA/Drivers/USB/Class/Device/MassStorage.o
 .debug_ranges  0x00000408       0x30 ..//LUFA/Drivers/USB/Class/Device/MIDI.o
 .debug_ranges  0x00000438       0x78 ..//LUFA/Drivers/USB/Class/Device/RNDIS.o

Cross Reference Table

Symbol                                            File
Audio_Device_ConfigureEndpoints                   ..//LUFA/Drivers/USB/Class/Device/Audio.o
Audio_Device_ProcessControlRequest                ..//LUFA/Drivers/USB/Class/Device/Audio.o
CALLBACK_HID_Device_CreateHIDReport               ..//LUFA/Drivers/USB/Class/Device/HID.o
CALLBACK_HID_Device_ProcessHIDReport              ..//LUFA/Drivers/USB/Class/Device/HID.o
CALLBACK_MS_Device_SCSICommandReceived            ..//LUFA/Drivers/USB/Class/Device/MassStorage.o
CALLBACK_USB_GetDescriptor                        Descriptors.o
                                                  ..//LUFA/Drivers/USB/HighLevel/DeviceStandardReq.o
CDC_Device_BytesReceived                          ..//LUFA/Drivers/USB/Class/Device/CDC.o
CDC_Device_ConfigureEndpoints                     ..//LUFA/Drivers/USB/Class/Device/CDC.o
                                                  Arduino-usbserial.o
CDC_Device_CreateBlockingStream                   ..//LUFA/Drivers/USB/Class/Device/CDC.o
CDC_Device_CreateStream                           ..//LUFA/Drivers/USB/Class/Device/CDC.o
CDC_Device_Event_Stub                             ..//LUFA/Drivers/USB/Class/Device/CDC.o
CDC_Device_Flush                                  ..//LUFA/Drivers/USB/Class/Device/CDC.o
CDC_Device_ProcessControlRequest                  ..//LUFA/Drivers/USB/Class/Device/CDC.o
                                                  Arduino-usbserial.o
CDC_Device_ReceiveByte                            ..//LUFA/Drivers/USB/Class/Device/CDC.o
                                                  Arduino-usbserial.o
CDC_Device_SendByte                               ..//LUFA/Drivers/USB/Class/Device/CDC.o
                                                  Arduino-usbserial.o
CDC_Device_SendControlLineStateChange             ..//LUFA/Drivers/USB/Class/Device/CDC.o
CDC_Device_SendString                             ..//LUFA/Drivers/USB/Class/Device/CDC.o
CDC_Device_USBTask                                ..//LUFA/Drivers/USB/Class/Device/CDC.o
                                                  Arduino-usbserial.o
ConfigurationDescriptor                           Descriptors.o
DeviceDescriptor                                  Descriptors.o
EVENT_CDC_Device_BreakSent                        ..//LUFA/Drivers/USB/Class/Device/CDC.o
EVENT_CDC_Device_ControLineStateChanged           Arduino-usbserial.o
EVENT_CDC_Device_LineEncodingChanged              Arduino-usbserial.o
EVENT_USB_Device_ConfigurationChanged             Arduino-usbserial.o
                                                  ..//LUFA/Drivers/USB/HighLevel/DeviceStandardReq.o
EVENT_USB_Device_Connect                          ..//LUFA/Drivers/USB/HighLevel/Events.o
                                                  ..//LUFA/Drivers/USB/LowLevel/USBInterrupt.o
EVENT_USB_Device_Disconnect                       ..//LUFA/Drivers/USB/HighLevel/Events.o
                                                  ..//LUFA/Drivers/USB/LowLevel/USBInterrupt.o
EVENT_USB_Device_Reset                            ..//LUFA/Drivers/USB/HighLevel/Events.o
                                                  ..//LUFA/Drivers/USB/LowLevel/USBInterrupt.o
EVENT_USB_Device_StartOfFrame                     ..//LUFA/Drivers/USB/HighLevel/Events.o
                                                  ..//LUFA/Drivers/USB/LowLevel/USBInterrupt.o
EVENT_USB_Device_Suspend                          ..//LUFA/Drivers/USB/HighLevel/Events.o
EVENT_USB_Device_UnhandledControlRequest          Arduino-usbserial.o
                                                  ..//LUFA/Drivers/USB/HighLevel/DeviceStandardReq.o
EVENT_USB_Device_WakeUp                           ..//LUFA/Drivers/USB/HighLevel/Events.o
Endpoint_BytesToEPSizeMaskDynamic                 ..//LUFA/Drivers/USB/LowLevel/Endpoint.o
                                                  ..//LUFA/Drivers/USB/Class/Device/RNDIS.o
                                                  ..//LUFA/Drivers/USB/Class/Device/MIDI.o
                                                  ..//LUFA/Drivers/USB/Class/Device/MassStorage.o
                                                  ..//LUFA/Drivers/USB/Class/Device/HID.o
                                                  ..//LUFA/Drivers/USB/Class/Device/CDC.o
                                                  ..//LUFA/Drivers/USB/Class/Device/Audio.o
Endpoint_ClearEndpoints                           ..//LUFA/Drivers/USB/LowLevel/Endpoint.o
                                                  ..//LUFA/Drivers/USB/LowLevel/USBInterrupt.o
Endpoint_ClearStatusStage                         ..//LUFA/Drivers/USB/LowLevel/Endpoint.o
                                                  ..//LUFA/Drivers/USB/Class/Device/MassStorage.o
                                                  ..//LUFA/Drivers/USB/Class/Device/HID.o
                                                  ..//LUFA/Drivers/USB/Class/Device/CDC.o
                                                  ..//LUFA/Drivers/USB/Class/Device/Audio.o
                                                  ..//LUFA/Drivers/USB/HighLevel/DeviceStandardReq.o
Endpoint_ConfigureEndpoint_Prv                    ..//LUFA/Drivers/USB/LowLevel/Endpoint.o
                                                  ..//LUFA/Drivers/USB/Class/Device/RNDIS.o
                                                  ..//LUFA/Drivers/USB/Class/Device/MIDI.o
                                                  ..//LUFA/Drivers/USB/Class/Device/MassStorage.o
                                                  ..//LUFA/Drivers/USB/Class/Device/HID.o
                                                  ..//LUFA/Drivers/USB/Class/Device/CDC.o
                                                  ..//LUFA/Drivers/USB/Class/Device/Audio.o
                                                  ..//LUFA/Drivers/USB/LowLevel/USBInterrupt.o
Endpoint_Discard_Stream                           ..//LUFA/Drivers/USB/LowLevel/Endpoint.o
Endpoint_Read_Control_EStream_BE                  ..//LUFA/Drivers/USB/LowLevel/Endpoint.o
Endpoint_Read_Control_EStream_LE                  ..//LUFA/Drivers/USB/LowLevel/Endpoint.o
Endpoint_Read_Control_Stream_BE                   ..//LUFA/Drivers/USB/LowLevel/Endpoint.o
Endpoint_Read_Control_Stream_LE                   ..//LUFA/Drivers/USB/LowLevel/Endpoint.o
                                                  ..//LUFA/Drivers/USB/Class/Device/RNDIS.o
                                                  ..//LUFA/Drivers/USB/Class/Device/HID.o
                                                  ..//LUFA/Drivers/USB/Class/Device/CDC.o
Endpoint_Read_EStream_BE                          ..//LUFA/Drivers/USB/LowLevel/Endpoint.o
Endpoint_Read_EStream_LE                          ..//LUFA/Drivers/USB/LowLevel/Endpoint.o
Endpoint_Read_Stream_BE                           ..//LUFA/Drivers/USB/LowLevel/Endpoint.o
Endpoint_Read_Stream_LE                           ..//LUFA/Drivers/USB/LowLevel/Endpoint.o
                                                  ..//LUFA/Drivers/USB/Class/Device/RNDIS.o
                                                  ..//LUFA/Drivers/USB/Class/Device/MIDI.o
                                                  ..//LUFA/Drivers/USB/Class/Device/MassStorage.o
Endpoint_WaitUntilReady                           ..//LUFA/Drivers/USB/LowLevel/Endpoint.o
                                                  ..//LUFA/Drivers/USB/Class/Device/MIDI.o
                                                  ..//LUFA/Drivers/USB/Class/Device/CDC.o
Endpoint_Write_Control_EStream_BE                 ..//LUFA/Drivers/USB/LowLevel/Endpoint.o
Endpoint_Write_Control_EStream_LE                 ..//LUFA/Drivers/USB/LowLevel/Endpoint.o
Endpoint_Write_Control_PStream_BE                 ..//LUFA/Drivers/USB/LowLevel/Endpoint.o
Endpoint_Write_Control_PStream_LE                 ..//LUFA/Drivers/USB/LowLevel/Endpoint.o
                                                  ..//LUFA/Drivers/USB/HighLevel/DeviceStandardReq.o
Endpoint_Write_Control_Stream_BE                  ..//LUFA/Drivers/USB/LowLevel/Endpoint.o
Endpoint_Write_Control_Stream_LE                  ..//LUFA/Drivers/USB/LowLevel/Endpoint.o
                                                  ..//LUFA/Drivers/USB/Class/Device/RNDIS.o
                                                  ..//LUFA/Drivers/USB/Class/Device/HID.o
                                                  ..//LUFA/Drivers/USB/Class/Device/CDC.o
Endpoint_Write_EStream_BE                         ..//LUFA/Drivers/USB/LowLevel/Endpoint.o
Endpoint_Write_EStream_LE                         ..//LUFA/Drivers/USB/LowLevel/Endpoint.o
Endpoint_Write_PStream_BE                         ..//LUFA/Drivers/USB/LowLevel/Endpoint.o
Endpoint_Write_PStream_LE                         ..//LUFA/Drivers/USB/LowLevel/Endpoint.o
Endpoint_Write_Stream_BE                          ..//LUFA/Drivers/USB/LowLevel/Endpoint.o
Endpoint_Write_Stream_LE                          ..//LUFA/Drivers/USB/LowLevel/Endpoint.o
                                                  ..//LUFA/Drivers/USB/Class/Device/RNDIS.o
                                                  ..//LUFA/Drivers/USB/Class/Device/MIDI.o
                                                  ..//LUFA/Drivers/USB/Class/Device/MassStorage.o
                                                  ..//LUFA/Drivers/USB/Class/Device/HID.o
                                                  ..//LUFA/Drivers/USB/Class/Device/CDC.o
HID_Device_ConfigureEndpoints                     ..//LUFA/Drivers/USB/Class/Device/HID.o
HID_Device_ProcessControlRequest                  ..//LUFA/Drivers/USB/Class/Device/HID.o
HID_Device_USBTask                                ..//LUFA/Drivers/USB/Class/Device/HID.o
LanguageString                                    Descriptors.o
MIDI_Device_ConfigureEndpoints                    ..//LUFA/Drivers/USB/Class/Device/MIDI.o
MIDI_Device_Flush                                 ..//LUFA/Drivers/USB/Class/Device/MIDI.o
MIDI_Device_ReceiveEventPacket                    ..//LUFA/Drivers/USB/Class/Device/MIDI.o
MIDI_Device_SendEventPacket                       ..//LUFA/Drivers/USB/Class/Device/MIDI.o
MS_Device_ConfigureEndpoints                      ..//LUFA/Drivers/USB/Class/Device/MassStorage.o
MS_Device_ProcessControlRequest                   ..//LUFA/Drivers/USB/Class/Device/MassStorage.o
MS_Device_USBTask                                 ..//LUFA/Drivers/USB/Class/Device/MassStorage.o
ManufacturerString                                Descriptors.o
ProductString                                     Descriptors.o
PulseMSRemaining                                  Arduino-usbserial.o
RNDIS_Device_ConfigureEndpoints                   ..//LUFA/Drivers/USB/Class/Device/RNDIS.o
RNDIS_Device_ProcessControlRequest                ..//LUFA/Drivers/USB/Class/Device/RNDIS.o
RNDIS_Device_USBTask                              ..//LUFA/Drivers/USB/Class/Device/RNDIS.o
SetupHardware                                     Arduino-usbserial.o
USARTtoUSB_Buffer                                 Arduino-usbserial.o
USB_ConfigurationNumber                           ..//LUFA/Drivers/USB/HighLevel/DeviceStandardReq.o
                                                  ..//LUFA/Drivers/USB/LowLevel/USBInterrupt.o
                                                  ..//LUFA/Drivers/USB/LowLevel/USBController.o
USB_ControlRequest                                ..//LUFA/Drivers/USB/Class/Device/RNDIS.o
                                                  ..//LUFA/Drivers/USB/Class/Device/MassStorage.o
                                                  ..//LUFA/Drivers/USB/Class/Device/HID.o
                                                  ..//LUFA/Drivers/USB/Class/Device/CDC.o
                                                  ..//LUFA/Drivers/USB/Class/Device/Audio.o
                                                  ..//LUFA/Drivers/USB/HighLevel/USBTask.o
                                                  ..//LUFA/Drivers/USB/HighLevel/DeviceStandardReq.o
                                                  ..//LUFA/Drivers/USB/LowLevel/Endpoint.o
USB_CurrentlySelfPowered                          ..//LUFA/Drivers/USB/HighLevel/DeviceStandardReq.o
                                                  ..//LUFA/Drivers/USB/LowLevel/USBController.o
USB_Device_ProcessControlRequest                  ..//LUFA/Drivers/USB/HighLevel/DeviceStandardReq.o
                                                  ..//LUFA/Drivers/USB/HighLevel/USBTask.o
                                                  ..//LUFA/Drivers/USB/LowLevel/USBInterrupt.o
USB_Device_SendRemoteWakeup                       ..//LUFA/Drivers/USB/LowLevel/Device.o
USB_Event_Stub                                    ..//LUFA/Drivers/USB/HighLevel/Events.o
USB_GetNextDescriptorComp                         ..//LUFA/Drivers/USB/HighLevel/ConfigDescriptor.o
USB_GetNextDescriptorOfType                       ..//LUFA/Drivers/USB/HighLevel/ConfigDescriptor.o
USB_GetNextDescriptorOfTypeAfter                  ..//LUFA/Drivers/USB/HighLevel/ConfigDescriptor.o
USB_GetNextDescriptorOfTypeBefore                 ..//LUFA/Drivers/USB/HighLevel/ConfigDescriptor.o
USB_INT_ClearAllInterrupts                        ..//LUFA/Drivers/USB/LowLevel/USBInterrupt.o
                                                  ..//LUFA/Drivers/USB/LowLevel/USBController.o
USB_INT_DisableAllInterrupts                      ..//LUFA/Drivers/USB/LowLevel/USBInterrupt.o
                                                  ..//LUFA/Drivers/USB/LowLevel/USBController.o
USB_Init                                          ..//LUFA/Drivers/USB/LowLevel/USBController.o
                                                  Arduino-usbserial.o
USB_IsInitialized                                 ..//LUFA/Drivers/USB/HighLevel/USBTask.o
                                                  ..//LUFA/Drivers/USB/LowLevel/USBController.o
USB_RemoteWakeupEnabled                           ..//LUFA/Drivers/USB/HighLevel/DeviceStandardReq.o
                                                  ..//LUFA/Drivers/USB/LowLevel/USBController.o
USB_ResetInterface                                ..//LUFA/Drivers/USB/LowLevel/USBController.o
USB_ShutDown                                      ..//LUFA/Drivers/USB/LowLevel/USBController.o
USB_USBTask                                       ..//LUFA/Drivers/USB/HighLevel/USBTask.o
                                                  ..//LUFA/Drivers/USB/Class/Device/CDC.o
                                                  Arduino-usbserial.o
USBtoUSART_Buffer                                 Arduino-usbserial.o
VirtualSerial_CDC_Interface                       Arduino-usbserial.o
__bad_interrupt                                   /Applications/Arduino.app/Contents/Resources/Java/hardware/tools/avr/bin/../lib/gcc/avr/4.3.2/../../../../avr/lib/avr35/crtusb162.o
__bss_end                                         /Applications/Arduino.app/Contents/Resources/Java/hardware/tools/avr/bin/../lib/gcc/avr/4.3.2/avr35/libgcc.a(_clear_bss.o)
__bss_start                                       /Applications/Arduino.app/Contents/Resources/Java/hardware/tools/avr/bin/../lib/gcc/avr/4.3.2/avr35/libgcc.a(_clear_bss.o)
__data_end                                        /Applications/Arduino.app/Contents/Resources/Java/hardware/tools/avr/bin/../lib/gcc/avr/4.3.2/avr35/libgcc.a(_copy_data.o)
__data_load_start                                 /Applications/Arduino.app/Contents/Resources/Java/hardware/tools/avr/bin/../lib/gcc/avr/4.3.2/avr35/libgcc.a(_copy_data.o)
__data_start                                      /Applications/Arduino.app/Contents/Resources/Java/hardware/tools/avr/bin/../lib/gcc/avr/4.3.2/avr35/libgcc.a(_copy_data.o)
__do_clear_bss                                    /Applications/Arduino.app/Contents/Resources/Java/hardware/tools/avr/bin/../lib/gcc/avr/4.3.2/avr35/libgcc.a(_clear_bss.o)
                                                  ..//LUFA/Drivers/USB/Class/Host/StillImage.o
                                                  ..//LUFA/Drivers/USB/Class/Host/RNDIS.o
                                                  ..//LUFA/Drivers/USB/Class/Host/Printer.o
                                                  ..//LUFA/Drivers/USB/Class/Host/MIDI.o
                                                  ..//LUFA/Drivers/USB/Class/Host/MassStorage.o
                                                  ..//LUFA/Drivers/USB/Class/Host/HID.o
                                                  ..//LUFA/Drivers/USB/Class/Host/CDC.o
                                                  ..//LUFA/Drivers/USB/Class/Device/RNDIS.o
                                                  ..//LUFA/Drivers/USB/Class/Device/MIDI.o
                                                  ..//LUFA/Drivers/USB/Class/Device/MassStorage.o
                                                  ..//LUFA/Drivers/USB/Class/Device/HID.o
                                                  ..//LUFA/Drivers/USB/Class/Device/CDC.o
                                                  ..//LUFA/Drivers/USB/Class/Device/Audio.o
                                                  ..//LUFA/Drivers/USB/Class/Host/HIDParser.o
                                                  ..//LUFA/Drivers/USB/HighLevel/USBTask.o
                                                  ..//LUFA/Drivers/USB/HighLevel/HostStandardReq.o
                                                  ..//LUFA/Drivers/USB/HighLevel/Events.o
                                                  ..//LUFA/Drivers/USB/HighLevel/DeviceStandardReq.o
                                                  ..//LUFA/Drivers/USB/HighLevel/ConfigDescriptor.o
                                                  ..//LUFA/Drivers/USB/LowLevel/USBInterrupt.o
                                                  ..//LUFA/Drivers/USB/LowLevel/USBController.o
                                                  ..//LUFA/Drivers/USB/LowLevel/Pipe.o
                                                  ..//LUFA/Drivers/USB/LowLevel/Host.o
                                                  ..//LUFA/Drivers/USB/LowLevel/Endpoint.o
                                                  ..//LUFA/Drivers/USB/LowLevel/Device.o
                                                  Descriptors.o
                                                  Arduino-usbserial.o
__do_copy_data                                    /Applications/Arduino.app/Contents/Resources/Java/hardware/tools/avr/bin/../lib/gcc/avr/4.3.2/avr35/libgcc.a(_copy_data.o)
                                                  ..//LUFA/Drivers/USB/Class/Host/StillImage.o
                                                  ..//LUFA/Drivers/USB/Class/Host/RNDIS.o
                                                  ..//LUFA/Drivers/USB/Class/Host/Printer.o
                                                  ..//LUFA/Drivers/USB/Class/Host/MIDI.o
                                                  ..//LUFA/Drivers/USB/Class/Host/MassStorage.o
                                                  ..//LUFA/Drivers/USB/Class/Host/HID.o
                                                  ..//LUFA/Drivers/USB/Class/Host/CDC.o
                                                  ..//LUFA/Drivers/USB/Class/Device/RNDIS.o
                                                  ..//LUFA/Drivers/USB/Class/Device/MIDI.o
                                                  ..//LUFA/Drivers/USB/Class/Device/MassStorage.o
                                                  ..//LUFA/Drivers/USB/Class/Device/HID.o
                                                  ..//LUFA/Drivers/USB/Class/Device/CDC.o
                                                  ..//LUFA/Drivers/USB/Class/Device/Audio.o
                                                  ..//LUFA/Drivers/USB/Class/Host/HIDParser.o
                                                  ..//LUFA/Drivers/USB/HighLevel/USBTask.o
                                                  ..//LUFA/Drivers/USB/HighLevel/HostStandardReq.o
                                                  ..//LUFA/Drivers/USB/HighLevel/Events.o
                                                  ..//LUFA/Drivers/USB/HighLevel/DeviceStandardReq.o
                                                  ..//LUFA/Drivers/USB/HighLevel/ConfigDescriptor.o
                                                  ..//LUFA/Drivers/USB/LowLevel/USBInterrupt.o
                                                  ..//LUFA/Drivers/USB/LowLevel/USBController.o
                                                  ..//LUFA/Drivers/USB/LowLevel/Pipe.o
                                                  ..//LUFA/Drivers/USB/LowLevel/Host.o
                                                  ..//LUFA/Drivers/USB/LowLevel/Endpoint.o
                                                  ..//LUFA/Drivers/USB/LowLevel/Device.o
                                                  Descriptors.o
                                                  Arduino-usbserial.o
__heap_end                                        /Applications/Arduino.app/Contents/Resources/Java/hardware/tools/avr/bin/../lib/gcc/avr/4.3.2/../../../../avr/lib/avr35/crtusb162.o
__init                                            /Applications/Arduino.app/Contents/Resources/Java/hardware/tools/avr/bin/../lib/gcc/avr/4.3.2/../../../../avr/lib/avr35/crtusb162.o
__stack                                           /Applications/Arduino.app/Contents/Resources/Java/hardware/tools/avr/bin/../lib/gcc/avr/4.3.2/../../../../avr/lib/avr35/crtusb162.o
__udivmodsi4                                      /Applications/Arduino.app/Contents/Resources/Java/hardware/tools/avr/bin/../lib/gcc/avr/4.3.2/avr35/libgcc.a(_udivmodsi4.o)
                                                  Arduino-usbserial.o
__vector_1                                        /Applications/Arduino.app/Contents/Resources/Java/hardware/tools/avr/bin/../lib/gcc/avr/4.3.2/../../../../avr/lib/avr35/crtusb162.o
__vector_10                                       /Applications/Arduino.app/Contents/Resources/Java/hardware/tools/avr/bin/../lib/gcc/avr/4.3.2/../../../../avr/lib/avr35/crtusb162.o
__vector_11                                       ..//LUFA/Drivers/USB/LowLevel/USBInterrupt.o
                                                  /Applications/Arduino.app/Contents/Resources/Java/hardware/tools/avr/bin/../lib/gcc/avr/4.3.2/../../../../avr/lib/avr35/crtusb162.o
__vector_12                                       ..//LUFA/Drivers/USB/LowLevel/USBInterrupt.o
                                                  /Applications/Arduino.app/Contents/Resources/Java/hardware/tools/avr/bin/../lib/gcc/avr/4.3.2/../../../../avr/lib/avr35/crtusb162.o
__vector_13                                       /Applications/Arduino.app/Contents/Resources/Java/hardware/tools/avr/bin/../lib/gcc/avr/4.3.2/../../../../avr/lib/avr35/crtusb162.o
__vector_14                                       /Applications/Arduino.app/Contents/Resources/Java/hardware/tools/avr/bin/../lib/gcc/avr/4.3.2/../../../../avr/lib/avr35/crtusb162.o
__vector_15                                       /Applications/Arduino.app/Contents/Resources/Java/hardware/tools/avr/bin/../lib/gcc/avr/4.3.2/../../../../avr/lib/avr35/crtusb162.o
__vector_16                                       /Applications/Arduino.app/Contents/Resources/Java/hardware/tools/avr/bin/../lib/gcc/avr/4.3.2/../../../../avr/lib/avr35/crtusb162.o
__vector_17                                       /Applications/Arduino.app/Contents/Resources/Java/hardware/tools/avr/bin/../lib/gcc/avr/4.3.2/../../../../avr/lib/avr35/crtusb162.o
__vector_18                                       /Applications/Arduino.app/Contents/Resources/Java/hardware/tools/avr/bin/../lib/gcc/avr/4.3.2/../../../../avr/lib/avr35/crtusb162.o
__vector_19                                       /Applications/Arduino.app/Contents/Resources/Java/hardware/tools/avr/bin/../lib/gcc/avr/4.3.2/../../../../avr/lib/avr35/crtusb162.o
__vector_2                                        /Applications/Arduino.app/Contents/Resources/Java/hardware/tools/avr/bin/../lib/gcc/avr/4.3.2/../../../../avr/lib/avr35/crtusb162.o
__vector_20                                       /Applications/Arduino.app/Contents/Resources/Java/hardware/tools/avr/bin/../lib/gcc/avr/4.3.2/../../../../avr/lib/avr35/crtusb162.o
__vector_21                                       /Applications/Arduino.app/Contents/Resources/Java/hardware/tools/avr/bin/../lib/gcc/avr/4.3.2/../../../../avr/lib/avr35/crtusb162.o
__vector_22                                       /Applications/Arduino.app/Contents/Resources/Java/hardware/tools/avr/bin/../lib/gcc/avr/4.3.2/../../../../avr/lib/avr35/crtusb162.o
__vector_23                                       Arduino-usbserial.o
                                                  /Applications/Arduino.app/Contents/Resources/Java/hardware/tools/avr/bin/../lib/gcc/avr/4.3.2/../../../../avr/lib/avr35/crtusb162.o
__vector_24                                       /Applications/Arduino.app/Contents/Resources/Java/hardware/tools/avr/bin/../lib/gcc/avr/4.3.2/../../../../avr/lib/avr35/crtusb162.o
__vector_25                                       /Applications/Arduino.app/Contents/Resources/Java/hardware/tools/avr/bin/../lib/gcc/avr/4.3.2/../../../../avr/lib/avr35/crtusb162.o
__vector_26                                       /Applications/Arduino.app/Contents/Resources/Java/hardware/tools/avr/bin/../lib/gcc/avr/4.3.2/../../../../avr/lib/avr35/crtusb162.o
__vector_27                                       /Applications/Arduino.app/Contents/Resources/Java/hardware/tools/avr/bin/../lib/gcc/avr/4.3.2/../../../../avr/lib/avr35/crtusb162.o
__vector_28                                       /Applications/Arduino.app/Contents/Resources/Java/hardware/tools/avr/bin/../lib/gcc/avr/4.3.2/../../../../avr/lib/avr35/crtusb162.o
__vector_3                                        /Applications/Arduino.app/Contents/Resources/Java/hardware/tools/avr/bin/../lib/gcc/avr/4.3.2/../../../../avr/lib/avr35/crtusb162.o
__vector_4                                        /Applications/Arduino.app/Contents/Resources/Java/hardware/tools/avr/bin/../lib/gcc/avr/4.3.2/../../../../avr/lib/avr35/crtusb162.o
__vector_5                                        /Applications/Arduino.app/Contents/Resources/Java/hardware/tools/avr/bin/../lib/gcc/avr/4.3.2/../../../../avr/lib/avr35/crtusb162.o
__vector_6                                        /Applications/Arduino.app/Contents/Resources/Java/hardware/tools/avr/bin/../lib/gcc/avr/4.3.2/../../../../avr/lib/avr35/crtusb162.o
__vector_7                                        /Applications/Arduino.app/Contents/Resources/Java/hardware/tools/avr/bin/../lib/gcc/avr/4.3.2/../../../../avr/lib/avr35/crtusb162.o
__vector_8                                        /Applications/Arduino.app/Contents/Resources/Java/hardware/tools/avr/bin/../lib/gcc/avr/4.3.2/../../../../avr/lib/avr35/crtusb162.o
__vector_9                                        /Applications/Arduino.app/Contents/Resources/Java/hardware/tools/avr/bin/../lib/gcc/avr/4.3.2/../../../../avr/lib/avr35/crtusb162.o
__vector_default                                  /Applications/Arduino.app/Contents/Resources/Java/hardware/tools/avr/bin/../lib/gcc/avr/4.3.2/../../../../avr/lib/avr35/crtusb162.o
__vectors                                         /Applications/Arduino.app/Contents/Resources/Java/hardware/tools/avr/bin/../lib/gcc/avr/4.3.2/../../../../avr/lib/avr35/crtusb162.o
_exit                                             /Applications/Arduino.app/Contents/Resources/Java/hardware/tools/avr/bin/../lib/gcc/avr/4.3.2/avr35/libgcc.a(_exit.o)
eeprom_update_byte                                ..//LUFA/Drivers/USB/LowLevel/Endpoint.o
exit                                              /Applications/Arduino.app/Contents/Resources/Java/hardware/tools/avr/bin/../lib/gcc/avr/4.3.2/avr35/libgcc.a(_exit.o)
                                                  /Applications/Arduino.app/Contents/Resources/Java/hardware/tools/avr/bin/../lib/gcc/avr/4.3.2/../../../../avr/lib/avr35/crtusb162.o
main                                              Arduino-usbserial.o
                                                  /Applications/Arduino.app/Contents/Resources/Java/hardware/tools/avr/bin/../lib/gcc/avr/4.3.2/../../../../avr/lib/avr35/crtusb162.o
memcmp                                            /Applications/Arduino.app/Contents/Resources/Java/hardware/tools/avr/bin/../lib/gcc/avr/4.3.2/../../../../avr/lib/avr35/libc.a(memcmp.o)
                                                  ..//LUFA/Drivers/USB/Class/Device/HID.o
memcpy                                            /Applications/Arduino.app/Contents/Resources/Java/hardware/tools/avr/bin/../lib/gcc/avr/4.3.2/../../../../avr/lib/avr35/libc.a(memcpy.o)
                                                  ..//LUFA/Drivers/USB/Class/Device/RNDIS.o
                                                  ..//LUFA/Drivers/USB/Class/Device/HID.o
memcpy_P                                          /Applications/Arduino.app/Contents/Resources/Java/hardware/tools/avr/bin/../lib/gcc/avr/4.3.2/../../../../avr/lib/avr35/libc.a(memcpy_P.o)
                                                  ..//LUFA/Drivers/USB/Class/Device/RNDIS.o
memset                                            /Applications/Arduino.app/Contents/Resources/Java/hardware/tools/avr/bin/../lib/gcc/avr/4.3.2/../../../../avr/lib/avr35/libc.a(memset.o)
                                                  ..//LUFA/Drivers/USB/Class/Device/HID.o
